{"log":
 [{"message":
   ".> LEAN_PATH=././.lake/packages/batteries/.lake/build/lib:././.lake/packages/Qq/.lake/build/lib:././.lake/packages/aesop/.lake/build/lib:././.lake/packages/proofwidgets/.lake/build/lib:././.lake/packages/Cli/.lake/build/lib:././.lake/packages/importGraph/.lake/build/lib:././.lake/packages/LeanSearchClient/.lake/build/lib:././.lake/packages/mathlib/.lake/build/lib:././.lake/build/lib LD_LIBRARY_PATH= /home/runner/.elan/toolchains/leanprover--lean4---v4.12.0/bin/lean ./././lean/Beal/B03_Conductor_Core.lean -R ./././lean -o ././.lake/build/lib/Beal/B03_Conductor_Core.olean -i ././.lake/build/lib/Beal/B03_Conductor_Core.ilean -c ././.lake/build/ir/Beal/B03_Conductor_Core.c --json",
   "level": "trace"},
  {"message":
   "./././lean/Beal/B03_Conductor_Core.lean:20:0: 'IsPrime03Core' does not depend on any axioms",
   "level": "info"},
  {"message":
   "./././lean/Beal/B03_Conductor_Core.lean:21:0: 'SquarefreeCore' does not depend on any axioms",
   "level": "info"},
  {"message":
   "./././lean/Beal/B03_Conductor_Core.lean:22:0: 'ExactDividesCore' does not depend on any axioms",
   "level": "info"},
  {"message":
   "./././lean/Beal/B03_Conductor_Core.lean:23:0: 'CanDivideOutCore' does not depend on any axioms",
   "level": "info"},
  {"message":
   "./././lean/Beal/B03_Conductor_Core.lean:24:0: 'ConductorCoprimeCore' does not depend on any axioms",
   "level": "info"}],
 "depHash": "11472453723721088933"}