{"log":
 [{"message":
   ".> LEAN_PATH=././.lake/packages/batteries/.lake/build/lib:././.lake/packages/Qq/.lake/build/lib:././.lake/packages/aesop/.lake/build/lib:././.lake/packages/proofwidgets/.lake/build/lib:././.lake/packages/Cli/.lake/build/lib:././.lake/packages/importGraph/.lake/build/lib:././.lake/packages/LeanSearchClient/.lake/build/lib:././.lake/packages/mathlib/.lake/build/lib:././.lake/build/lib LD_LIBRARY_PATH= /home/runner/.elan/toolchains/leanprover--lean4---v4.12.0/bin/lean ./././lean/Beal/B21_FermatCorollary_Core.lean -R ./././lean -o ././.lake/build/lib/Beal/B21_FermatCorollary_Core.olean -i ././.lake/build/lib/Beal/B21_FermatCorollary_Core.ilean -c ././.lake/build/ir/Beal/B21_FermatCorollary_Core.c --json",
   "level": "trace"},
  {"message":
   "./././lean/Beal/B21_FermatCorollary_Core.lean:30:0: 'Divides21Core' does not depend on any axioms",
   "level": "info"},
  {"message":
   "./././lean/Beal/B21_FermatCorollary_Core.lean:31:0: 'PrimitiveTriple21Core' does not depend on any axioms",
   "level": "info"},
  {"message":
   "./././lean/Beal/B21_FermatCorollary_Core.lean:32:0: 'IsBealSolution21Core' does not depend on any axioms",
   "level": "info"},
  {"message":
   "./././lean/Beal/B21_FermatCorollary_Core.lean:33:0: 'BealConjecture21Core' does not depend on any axioms",
   "level": "info"},
  {"message":
   "./././lean/Beal/B21_FermatCorollary_Core.lean:34:0: 'FermatLastTheorem21Core' does not depend on any axioms",
   "level": "info"},
  {"message":
   "./././lean/Beal/B21_FermatCorollary_Core.lean:35:0: 'FermatFull21Core' does not depend on any axioms",
   "level": "info"},
  {"message":
   "./././lean/Beal/B21_FermatCorollary_Core.lean:36:0: 'beal_implies_fermat21_core' does not depend on any axioms",
   "level": "info"},
  {"message":
   "./././lean/Beal/B21_FermatCorollary_Core.lean:37:0: 'beal_implies_fermat_full21_core' does not depend on any axioms",
   "level": "info"}],
 "depHash": "12344802575090770643"}